// Jest Snapshot v1, https://goo.gl/fbAQLP

exports[`App renders correctly 1`] = `ShallowWrapper {}`;

exports[`App renders propery 1`] = `ShallowWrapper {}`;
